CREATE EXTENSION IF NOT EXISTS pg_mupdf;
-- text output
SELECT convert_from(mupdf('<p>hello <b>world</b></p>', 'html', 'txt'), 'utf8');
 convert_from 
--------------
 hello world +
             +
 
(1 row)

-- binary formats: only signatures, sizes depend on the MuPDF build
SELECT substr(mupdf('<p>hello</p>'), 1, 5) = '%PDF-'::bytea AS pdf;
 pdf 
-----
 t
(1 row)

SELECT substr(mupdf('<p>hello</p>', 'html', 'pdf', 'compress'), 1, 5) = '%PDF-'::bytea AS pdf_options;
 pdf_options 
-------------
 t
(1 row)

SELECT substr(mupdf('<p>hello</p>', 'html', 'png'), 1, 8) = '\x89504e470d0a1a0a'::bytea AS png;
 png 
-----
 t
(1 row)

SELECT position('<svg'::bytea in mupdf('<p>hello</p>', 'html', 'svg')) > 0 AS svg;
 svg 
-----
 t
(1 row)

-- xhtml and bytea input
SELECT convert_from(mupdf('<?xml version="1.0"?><html xmlns="http://www.w3.org/1999/xhtml"><body><p>xhtml</p></body></html>', 'xhtml', 'txt'), 'utf8');
 convert_from 
--------------
 xhtml       +
             +
 
(1 row)

SELECT convert_from(mupdf(convert_to('<p>bytea</p>', 'utf8'), 'html', 'txt'), 'utf8');
 convert_from 
--------------
 bytea       +
             +
 
(1 row)

-- empty input
SELECT length(mupdf('', 'html', 'txt'));
 length 
--------
      0
(1 row)

-- page ranges: one letter per page
SELECT r, replace(convert_from(mupdf('<p style="font-size:400pt;margin:0">a</p><p style="font-size:400pt;margin:0">b</p><p style="font-size:400pt;margin:0">c</p>', 'html', 'txt', '', r), 'utf8'), E'\n', '') AS pages
FROM unnest(ARRAY['1-N', '1', '2', 'N', 'N-1', '2-3', '3-1', '1,1', '0', '5', '']) r;
  r  | pages 
-----+-------
 1-N | abc
 1   | a
 2   | b
 N   | c
 N-1 | cba
 2-3 | bc
 3-1 | cba
 1,1 | aa
 0   | a
 5   | c
     | 
(11 rows)

SELECT length(mupdf('<p>x</p>', 'html', 'txt', '', 'garbage'));
WARNING:  skipping invalid page range
 length 
--------
      0
(1 row)

-- compressed (TOAST) input used to be freed before MuPDF read it
CREATE TABLE mupdf_toast (h text);
INSERT INTO mupdf_toast VALUES (repeat('<p>hello world</p>', 1000)), (repeat('<p>hello world</p>', 20000));
SELECT pg_column_compression(h) IS NOT NULL AS compressed, mupdf(h, 'html', 'txt') = mupdf(h || '', 'html', 'txt') AS same FROM mupdf_toast;
 compressed | same 
------------+------
 t          | t
 t          | t
(2 rows)

DROP TABLE mupdf_toast;
