CREATE EXTENSION IF NOT EXISTS pg_mupdf;
NOTICE:  extension "pg_mupdf" already exists, skipping
SELECT length(mupdf('', 'html', 'txt')); -- load the module
 length 
--------
      0
(1 row)

SHOW pg_mupdf.memory_limit;
 pg_mupdf.memory_limit 
-----------------------
 1GB
(1 row)

-- allocation sizes in MuPDF messages depend on the build: show SQLSTATE and DETAIL only
CREATE FUNCTION mupdf_try(data text, output_type text, options text) RETURNS text LANGUAGE plpgsql AS $$
DECLARE
    detail text;
BEGIN
    PERFORM mupdf(data, 'html', output_type, options);
    RETURN 'ok';
EXCEPTION WHEN OTHERS THEN
    GET STACKED DIAGNOSTICS detail = PG_EXCEPTION_DETAIL;
    RETURN SQLSTATE || ' ' || coalesce(nullif(detail, ''), '-');
END $$;
SET pg_mupdf.memory_limit = '20MB';
SELECT mupdf_try('<p>x</p>', 'pclm', 'resolution=300');
                    mupdf_try                     
--------------------------------------------------
 54000 pg_mupdf.memory_limit (20480 kB) exceeded.
(1 row)

SELECT mupdf_try('<p>x</p>', 'txt', '');
 mupdf_try 
-----------
 ok
(1 row)

SET pg_mupdf.memory_limit = '64kB';
SELECT mupdf_try('<p>x</p>', 'txt', '');
                   mupdf_try                   
-----------------------------------------------
 54000 pg_mupdf.memory_limit (64 kB) exceeded.
(1 row)

SET pg_mupdf.memory_limit = 0;
SELECT mupdf_try('<p>x</p>', 'pclm', 'resolution=300');
 mupdf_try 
-----------
 ok
(1 row)

RESET pg_mupdf.memory_limit;
-- a single allocation over 1 GB is refused without the limit DETAIL
SELECT mupdf_try('<p>x</p>', 'pclm', 'resolution=3000');
 mupdf_try 
-----------
 XX000 -
(1 row)

-- only superusers can change it
CREATE ROLE regress_mupdf_user;
SET ROLE regress_mupdf_user;
SET pg_mupdf.memory_limit = 0;
ERROR:  permission denied to set parameter "pg_mupdf.memory_limit"
RESET ROLE;
DROP ROLE regress_mupdf_user;
-- a long render can be canceled
SET statement_timeout = '500ms';
SELECT length(mupdf(repeat('<p>hello world</p>', 100000)));
ERROR:  canceling statement due to statement timeout
RESET statement_timeout;
SELECT convert_from(mupdf('<p>alive</p>', 'html', 'txt'), 'utf8');
 convert_from 
--------------
 alive       +
             +
 
(1 row)

DROP FUNCTION mupdf_try(text, text, text);
